// Jest Snapshot v1, https://goo.gl/fbAQLP

exports[`CatalogBrand page with Snapshot Testing Should show catalogBrand list in CatalogBrand page 1`] = `
<WithStyles(Container)
  header={<div />}
  title="Catalog Brand"
>
  <Component />
</WithStyles(Container)>
`;
