// Jest Snapshot v1, https://goo.gl/fbAQLP

exports[`Index page with Snapshot Testing Should show "Index Page: Prodcuts Page" in Index page 1`] = `
<WithStyles(Container)
  header={<WithStyles(HeaderContent) />}
  title="Index"
>
  <Component />
</WithStyles(Container)>
`;
