// Jest Snapshot v1, https://goo.gl/fbAQLP

exports[`CatalogBrand page with Snapshot Testing Should show catalogBrand list in CatalogBrand page 1`] = `
<Root
  title="Catalog Brand"
>
  <Component />
</Root>
`;
